Windows Platform HAL Test Suite
================================
This will test all platform components.
Some tests will move the mouse and type keys!


=== Testing InputInjector ===
[PASS] InputInjector::move_mouse(center)
[PASS] InputInjector::move_mouse(corners) (422.2ms) - Tested all 4 corners + center
[PASS] InputInjector::click_mouse(left) (90.9ms) - Click at bottom-right corner

=== Testing ScreenStreamer ===
[PASS] ScreenStreamer::capture_snapshot (22.9ms) - 1536x864, 3981312 bytes
[PASS] ScreenStreamer::stream(2sec) (2153.3ms) - 9 packets, 576 KB in 2 sec

=== Testing Keylogger ===
    (Press some keys in next 3 seconds...)
[WindowsKeylogger] Started
[WindowsKeylogger] Stopped
[PASS] Keylogger::capture(3sec) (3002.9ms) - 0 events captured

=== Testing AppManager ===
[PASS] AppManager::list_applications (6089.5ms) - 125 applications found (first: 7-Zip File Manager)
[PASS] AppManager::list_processes (7.6ms) - 371 processes running
[PASS] AppManager::search_apps - 0 matches for 'notepad'
[PASS] AppManager::launch_app(notepad) (99.6ms) - PID=20516
[PASS] AppManager::kill_process - Killed notepad

============================================================
TEST SUMMARY
============================================================
Passed: 11
Failed: 0
Total:  11
============================================================
